Watching for file changes with StatReloader
C:\Users\mburson\Desktop\myproject\SCOM_analysis_backend\SCOM_analysis_backend\settings.py changed, reloading.
Watching for file changes with StatReloader
Received request for ticker: GOOGL
Looking for model at: C:\Users\mburson\Desktop\myproject\SCOM_analysis_backend\random_forest\models\rf_model.pkl
Model loaded successfully
Fetching data for GOOGL from 2025-03-29 to 2025-04-08

1 Failed download:
['GOOGL']: ConnectionError(MaxRetryError("HTTPSConnectionPool(host='query1.finance.yahoo.com', port=443): Max retries exceeded with url: /v1/test/getcrumb (Caused by NewConnectionError('<urllib3.connection.HTTPSConnection object at 0x00000169DD734590>: Failed to establish a new connection: [WinError 10013] An attempt was made to access a socket in a way forbidden by its access permissions'))"))
No data returned for ticker GOOGL
Bad Request: /predict_price/

1 Failed download:
['GOOGL']: ConnectionError(MaxRetryError("HTTPSConnectionPool(host='query1.finance.yahoo.com', port=443): Max retries exceeded with url: /v1/test/getcrumb (Caused by NewConnectionError('<urllib3.connection.HTTPSConnection object at 0x00000169DD6C2C10>: Failed to establish a new connection: [WinError 10013] An attempt was made to access a socket in a way forbidden by its access permissions'))"))
Internal Server Error: /train/

1 Failed download:
['GOOGL']: ConnectionError(MaxRetryError("HTTPSConnectionPool(host='query1.finance.yahoo.com', port=443): Max retries exceeded with url: /v1/test/getcrumb (Caused by NewConnectionError('<urllib3.connection.HTTPSConnection object at 0x00000169DD5BC7D0>: Failed to establish a new connection: [WinError 10013] An attempt was made to access a socket in a way forbidden by its access permissions'))"))
Internal Server Error: /train/
C:\Users\mburson\Desktop\myproject\SCOM_analysis_backend\SCOM_analysis_backend\settings.py changed, reloading.
Watching for file changes with StatReloader
Received request for ticker: GOOGL
Looking for model at: C:\Users\mburson\Desktop\myproject\SCOM_analysis_backend\random_forest\models\rf_model.pkl
Model loaded successfully
Fetching data for GOOGL from 2025-03-29 to 2025-04-08
Data fetched successfully
Error in predict_price_view: 'DataFrame' object has no attribute 'tolist'
Traceback (most recent call last):
  File "C:\Users\mburson\Desktop\myproject\SCOM_analysis_backend\predict\views.py", line 54, in predict_price_view
    prices = data['Close'].tolist()
             ^^^^^^^^^^^^^^^^^^^^
  File "C:\Users\mburson\AppData\Local\Packages\PythonSoftwareFoundation.Python.3.13_qbz5n2kfra8p0\LocalCache\local-packages\Python313\site-packages\pandas\core\generic.py", line 6299, in __getattr__
    return object.__getattribute__(self, name)
           ~~~~~~~~~~~~~~~~~~~~~~~^^^^^^^^^^^^
AttributeError: 'DataFrame' object has no attribute 'tolist'
Internal Server Error: /predict_price/
Received request for ticker: GOOGL
Looking for model at: C:\Users\mburson\Desktop\myproject\SCOM_analysis_backend\random_forest\models\rf_model.pkl
Model loaded successfully
Fetching data for GOOGL from 2025-03-29 to 2025-04-08
Data fetched successfully
Error in predict_price_view: 'DataFrame' object has no attribute 'tolist'
Traceback (most recent call last):
  File "C:\Users\mburson\Desktop\myproject\SCOM_analysis_backend\predict\views.py", line 54, in predict_price_view
    prices = data['Close'].tolist()
             ^^^^^^^^^^^^^^^^^^^^
  File "C:\Users\mburson\AppData\Local\Packages\PythonSoftwareFoundation.Python.3.13_qbz5n2kfra8p0\LocalCache\local-packages\Python313\site-packages\pandas\core\generic.py", line 6299, in __getattr__
    return object.__getattribute__(self, name)
           ~~~~~~~~~~~~~~~~~~~~~~~^^^^^^^^^^^^
AttributeError: 'DataFrame' object has no attribute 'tolist'
Internal Server Error: /predict_price/
$GOOGL: possibly delisted; no price data found  (1d 2024-03-20 -> 2025-03-20)
Not Found: /safaricom-stock-data/
$GOOGL: possibly delisted; no price data found  (1d 2024-03-20 -> 2025-03-20)
Not Found: /safaricom-stock-data/
Watching for file changes with StatReloader
Received request for ticker: GOOGL
Looking for model at: C:\Users\mburson\Desktop\myproject\SCOM_analysis_backend\random_forest\models\rf_model.pkl
Model loaded successfully
Fetching data for GOOGL from 2025-04-03 to 2025-04-13
Data fetched successfully
Error in predict_price_view: 'DataFrame' object has no attribute 'tolist'
Traceback (most recent call last):
  File "C:\Users\mburson\Desktop\myproject\SCOM_analysis_backend\predict\views.py", line 54, in predict_price_view
    prices = data['Close'].tolist()
             ^^^^^^^^^^^^^^^^^^^^
  File "C:\Users\mburson\AppData\Local\Packages\PythonSoftwareFoundation.Python.3.13_qbz5n2kfra8p0\LocalCache\local-packages\Python313\site-packages\pandas\core\generic.py", line 6299, in __getattr__
    return object.__getattribute__(self, name)
           ~~~~~~~~~~~~~~~~~~~~~~~^^^^^^^^^^^^
AttributeError: 'DataFrame' object has no attribute 'tolist'
Internal Server Error: /predict_price/
C:\Users\mburson\Desktop\myproject\SCOM_analysis_backend\predict\views.py changed, reloading.
Watching for file changes with StatReloader
C:\Users\mburson\Desktop\myproject\SCOM_analysis_backend\SCOM_analysis_backend\urls.py changed, reloading.
Watching for file changes with StatReloader
C:\Users\mburson\Desktop\myproject\SCOM_analysis_backend\SCOM_analysis_backend\urls.py changed, reloading.
Watching for file changes with StatReloader
C:\Users\mburson\Desktop\myproject\SCOM_analysis_backend\SCOM_analysis_backend\urls.py changed, reloading.
Watching for file changes with StatReloader
C:\Users\mburson\Desktop\myproject\SCOM_analysis_backend\SCOM_analysis_backend\urls.py changed, reloading.
Watching for file changes with StatReloader
C:\Users\mburson\Desktop\myproject\SCOM_analysis_backend\SCOM_analysis_backend\urls.py changed, reloading.
Watching for file changes with StatReloader
Failed to get ticker 'AVGO' reason: HTTPSConnectionPool(host='query1.finance.yahoo.com', port=443): Max retries exceeded with url: /v1/test/getcrumb (Caused by NewConnectionError('<urllib3.connection.HTTPSConnection object at 0x000002039BC00050>: Failed to establish a new connection: [WinError 10013] An attempt was made to access a socket in a way forbidden by its access permissions'))

1 Failed download:
['AVGO']: YFTzMissingError('possibly delisted; no timezone found')
Internal Server Error: /train/
Failed to get ticker 'AVGO' reason: HTTPSConnectionPool(host='query1.finance.yahoo.com', port=443): Max retries exceeded with url: /v1/test/getcrumb (Caused by NewConnectionError('<urllib3.connection.HTTPSConnection object at 0x000002039BBE60D0>: Failed to establish a new connection: [WinError 10013] An attempt was made to access a socket in a way forbidden by its access permissions'))

1 Failed download:
['AVGO']: YFTzMissingError('possibly delisted; no timezone found')
Internal Server Error: /train/
Failed to get ticker 'NVDA' reason: HTTPSConnectionPool(host='query1.finance.yahoo.com', port=443): Max retries exceeded with url: /v1/test/getcrumb (Caused by NewConnectionError('<urllib3.connection.HTTPSConnection object at 0x000002039BBE7B10>: Failed to establish a new connection: [WinError 10013] An attempt was made to access a socket in a way forbidden by its access permissions'))

1 Failed download:
['NVDA']: YFTzMissingError('possibly delisted; no timezone found')
Internal Server Error: /train/
Failed to get ticker 'MSFT' reason: HTTPSConnectionPool(host='query1.finance.yahoo.com', port=443): Max retries exceeded with url: /v1/test/getcrumb (Caused by NewConnectionError('<urllib3.connection.HTTPSConnection object at 0x000002039BBE7110>: Failed to establish a new connection: [WinError 10013] An attempt was made to access a socket in a way forbidden by its access permissions'))

1 Failed download:
['MSFT']: YFTzMissingError('possibly delisted; no timezone found')
Internal Server Error: /train/
Failed to get ticker 'MSFT' reason: HTTPSConnectionPool(host='query1.finance.yahoo.com', port=443): Max retries exceeded with url: /v1/test/getcrumb (Caused by NewConnectionError('<urllib3.connection.HTTPSConnection object at 0x000002039B9D8550>: Failed to establish a new connection: [WinError 10013] An attempt was made to access a socket in a way forbidden by its access permissions'))

1 Failed download:
['MSFT']: YFTzMissingError('possibly delisted; no timezone found')
Internal Server Error: /train/
Not Found: /predict
Not Found: /predict
Not Found: /predict
Not Found: /predict
Not Found: /predict
Not Found: /predict
C:\Users\mburson\Desktop\myproject\SCOM_analysis_backend\predict\views.py changed, reloading.
Watching for file changes with StatReloader
Not Found: /api/predict
Not Found: /predict
Not Found: /predict
Not Found: /predict
C:\Users\mburson\Desktop\myproject\SCOM_analysis_backend\SCOM_analysis_backend\urls.py changed, reloading.
Watching for file changes with StatReloader
Internal Server Error: /predict/
C:\Users\mburson\Desktop\myproject\SCOM_analysis_backend\predict\views.py changed, reloading.
Watching for file changes with StatReloader
C:\Users\mburson\Desktop\myproject\SCOM_analysis_backend\predict\views.py changed, reloading.
Watching for file changes with StatReloader
C:\Users\mburson\Desktop\myproject\SCOM_analysis_backend\predict\views.py changed, reloading.
Watching for file changes with StatReloader
Internal Server Error: /predict/
C:\Users\mburson\Desktop\myproject\SCOM_analysis_backend\predict\views.py changed, reloading.
Watching for file changes with StatReloader
Internal Server Error: /predict/
C:\Users\mburson\Desktop\myproject\SCOM_analysis_backend\predict\views.py changed, reloading.
Watching for file changes with StatReloader
Watching for file changes with StatReloader
Internal Server Error: /predict/
C:\Users\mburson\Desktop\myproject\SCOM_analysis_backend\predict\views.py changed, reloading.
Watching for file changes with StatReloader
Internal Server Error: /predict/
C:\Users\mburson\Desktop\myproject\SCOM_analysis_backend\predict\views.py changed, reloading.
Watching for file changes with StatReloader
Internal Server Error: /predict/
Internal Server Error: /predict/
C:\Users\mburson\Desktop\myproject\SCOM_analysis_backend\predict\views.py changed, reloading.
Watching for file changes with StatReloader
Internal Server Error: /predict/
C:\Users\mburson\Desktop\myproject\SCOM_analysis_backend\predict\views.py changed, reloading.
Watching for file changes with StatReloader
Internal Server Error: /predict/
C:\Users\mburson\Desktop\myproject\SCOM_analysis_backend\predict\views.py changed, reloading.
Watching for file changes with StatReloader
Internal Server Error: /predict/
C:\Users\mburson\Desktop\myproject\SCOM_analysis_backend\random_forest\train_model.py changed, reloading.
Watching for file changes with StatReloader
C:\Users\mburson\Desktop\myproject\SCOM_analysis_backend\random_forest\train_model.py changed, reloading.
Watching for file changes with StatReloader
C:\Users\mburson\Desktop\myproject\SCOM_analysis_backend\random_forest\train_model.py changed, reloading.
Watching for file changes with StatReloader
C:\Users\mburson\Desktop\myproject\SCOM_analysis_backend\random_forest\train_model.py changed, reloading.
Watching for file changes with StatReloader
C:\Users\mburson\Desktop\myproject\SCOM_analysis_backend\random_forest\views.py changed, reloading.
Watching for file changes with StatReloader
C:\Users\mburson\Desktop\myproject\SCOM_analysis_backend\random_forest\views.py changed, reloading.
Watching for file changes with StatReloader
C:\Users\mburson\Desktop\myproject\SCOM_analysis_backend\random_forest\views.py changed, reloading.
Watching for file changes with StatReloader
C:\Users\mburson\Desktop\myproject\SCOM_analysis_backend\random_forest\views.py changed, reloading.
Watching for file changes with StatReloader
C:\Users\mburson\Desktop\myproject\SCOM_analysis_backend\random_forest\views.py changed, reloading.
Watching for file changes with StatReloader
C:\Users\mburson\Desktop\myproject\SCOM_analysis_backend\random_forest\views.py changed, reloading.
Watching for file changes with StatReloader
Watching for file changes with StatReloader
Internal Server Error: /predict/
C:\Users\mburson\Desktop\myproject\SCOM_analysis_backend\random_forest\train_model.py changed, reloading.
Watching for file changes with StatReloader
C:\Users\mburson\Desktop\myproject\SCOM_analysis_backend\random_forest\train_model.py changed, reloading.
Watching for file changes with StatReloader
C:\Users\mburson\Desktop\myproject\SCOM_analysis_backend\random_forest\train_model.py changed, reloading.
Watching for file changes with StatReloader
Internal Server Error: /predict/
C:\Users\mburson\Desktop\myproject\SCOM_analysis_backend\predict\views.py changed, reloading.
Watching for file changes with StatReloader
Internal Server Error: /predict/
C:\Users\mburson\Desktop\myproject\SCOM_analysis_backend\predict\views.py changed, reloading.
Watching for file changes with StatReloader
C:\Users\mburson\Desktop\myproject\SCOM_analysis_backend\predict\views.py changed, reloading.
Watching for file changes with StatReloader
C:\Users\mburson\Desktop\myproject\SCOM_analysis_backend\predict\views.py changed, reloading.
Watching for file changes with StatReloader
Not Found: /stock-data
C:\Users\mburson\Desktop\myproject\SCOM_analysis_backend\SCOM_analysis_backend\urls.py changed, reloading.
Watching for file changes with StatReloader
C:\Users\mburson\Desktop\myproject\SCOM_analysis_backend\data_loader\views.py changed, reloading.
Watching for file changes with StatReloader
C:\Users\mburson\Desktop\myproject\SCOM_analysis_backend\data_loader\views.py changed, reloading.
Watching for file changes with StatReloader
C:\Users\mburson\Desktop\myproject\SCOM_analysis_backend\data_loader\views.py changed, reloading.
Watching for file changes with StatReloader
C:\Users\mburson\Desktop\myproject\SCOM_analysis_backend\SCOM_analysis_backend\urls.py changed, reloading.
Watching for file changes with StatReloader
C:\Users\mburson\Desktop\myproject\SCOM_analysis_backend\data_loader\views.py changed, reloading.
Watching for file changes with StatReloader
C:\Users\mburson\Desktop\myproject\SCOM_analysis_backend\data_loader\views.py changed, reloading.
Watching for file changes with StatReloader
Watching for file changes with StatReloader
Not Found: /stock-data
Not Found: /stock-data
Not Found: /stock-data
C:\Users\mburson\Desktop\myproject\SCOM_analysis_backend\SCOM_analysis_backend\urls.py changed, reloading.
Watching for file changes with StatReloader
Internal Server Error: /stock_data/
Internal Server Error: /stock_data/
C:\Users\mburson\Desktop\myproject\SCOM_analysis_backend\data_loader\views.py changed, reloading.
Watching for file changes with StatReloader
C:\Users\mburson\Desktop\myproject\SCOM_analysis_backend\data_loader\views.py changed, reloading.
Watching for file changes with StatReloader
C:\Users\mburson\Desktop\myproject\SCOM_analysis_backend\data_loader\views.py changed, reloading.
Watching for file changes with StatReloader
Internal Server Error: /stock_data/
Traceback (most recent call last):
  File "C:\Users\mburson\Desktop\myproject\SCOM_analysis_backend\data_loader\views.py", line 26, in get_stock_data
    {"date": index.strftime('%Y-%m-%d'), "price": float(price)}
             ^^^^^^^^^^^^^^
AttributeError: 'str' object has no attribute 'strftime'

During handling of the above exception, another exception occurred:

Traceback (most recent call last):
  File "C:\Users\mburson\AppData\Local\Packages\PythonSoftwareFoundation.Python.3.13_qbz5n2kfra8p0\LocalCache\local-packages\Python313\site-packages\django\core\handlers\exception.py", line 55, in inner
    response = get_response(request)
  File "C:\Users\mburson\AppData\Local\Packages\PythonSoftwareFoundation.Python.3.13_qbz5n2kfra8p0\LocalCache\local-packages\Python313\site-packages\django\core\handlers\base.py", line 197, in _get_response
    response = wrapped_callback(request, *callback_args, **callback_kwargs)
  File "C:\Users\mburson\Desktop\myproject\SCOM_analysis_backend\data_loader\views.py", line 35, in get_stock_data
    traceback.print_exc()  # Log full stack trace
    ^^^^^^^^^
NameError: name 'traceback' is not defined. Did you forget to import 'traceback'?
Internal Server Error: /stock_data/
Traceback (most recent call last):
  File "C:\Users\mburson\Desktop\myproject\SCOM_analysis_backend\data_loader\views.py", line 26, in get_stock_data
    {"date": index.strftime('%Y-%m-%d'), "price": float(price)}
             ^^^^^^^^^^^^^^
AttributeError: 'str' object has no attribute 'strftime'

During handling of the above exception, another exception occurred:

Traceback (most recent call last):
  File "C:\Users\mburson\AppData\Local\Packages\PythonSoftwareFoundation.Python.3.13_qbz5n2kfra8p0\LocalCache\local-packages\Python313\site-packages\django\core\handlers\exception.py", line 55, in inner
    response = get_response(request)
  File "C:\Users\mburson\AppData\Local\Packages\PythonSoftwareFoundation.Python.3.13_qbz5n2kfra8p0\LocalCache\local-packages\Python313\site-packages\django\core\handlers\base.py", line 197, in _get_response
    response = wrapped_callback(request, *callback_args, **callback_kwargs)
  File "C:\Users\mburson\Desktop\myproject\SCOM_analysis_backend\data_loader\views.py", line 35, in get_stock_data
    traceback.print_exc()  # Log full stack trace
    ^^^^^^^^^
NameError: name 'traceback' is not defined. Did you forget to import 'traceback'?
C:\Users\mburson\Desktop\myproject\SCOM_analysis_backend\data_loader\views.py changed, reloading.
Watching for file changes with StatReloader
Internal Server Error: /stock_data/
Internal Server Error: /stock_data/
Internal Server Error: /stock_data/
Internal Server Error: /stock_data/
Internal Server Error: /stock_data/
Internal Server Error: /stock_data/
C:\Users\mburson\Desktop\myproject\SCOM_analysis_backend\random_forest\train_model.py changed, reloading.
Watching for file changes with StatReloader
C:\Users\mburson\Desktop\myproject\SCOM_analysis_backend\random_forest\train_model.py changed, reloading.
Watching for file changes with StatReloader
C:\Users\mburson\Desktop\myproject\SCOM_analysis_backend\predict\views.py changed, reloading.
Watching for file changes with StatReloader
Internal Server Error: /train/
C:\Users\mburson\Desktop\myproject\SCOM_analysis_backend\random_forest\train_model.py changed, reloading.
Watching for file changes with StatReloader
C:\Users\mburson\Desktop\myproject\SCOM_analysis_backend\random_forest\train_model.py changed, reloading.
Watching for file changes with StatReloader
C:\Users\mburson\Desktop\myproject\SCOM_analysis_backend\random_forest\train_model.py changed, reloading.
Watching for file changes with StatReloader
Internal Server Error: /stock_data/
Internal Server Error: /stock_data/
Internal Server Error: /stock_data/
Internal Server Error: /stock_data/
C:\Users\mburson\Desktop\myproject\SCOM_analysis_backend\random_forest\train_model.py changed, reloading.
Watching for file changes with StatReloader
Internal Server Error: /train/
C:\Users\mburson\Desktop\myproject\SCOM_analysis_backend\random_forest\train_model.py changed, reloading.
Watching for file changes with StatReloader
Internal Server Error: /stock_data/
Internal Server Error: /stock_data/
C:\Users\mburson\Desktop\myproject\SCOM_analysis_backend\random_forest\train_model.py changed, reloading.
Watching for file changes with StatReloader
Internal Server Error: /predict/
Internal Server Error: /predict/
Internal Server Error: /predict/
Internal Server Error: /stock_data/
Internal Server Error: /stock_data/
Internal Server Error: /predict/
Internal Server Error: /predict/
Internal Server Error: /stock_data/
Internal Server Error: /stock_data/
Internal Server Error: /stock_data/
Internal Server Error: /stock_data/
Internal Server Error: /stock_data/
Internal Server Error: /stock_data/
Internal Server Error: /stock_data/
Internal Server Error: /stock_data/
Internal Server Error: /predict/
Internal Server Error: /stock_data/
Internal Server Error: /stock_data/
Watching for file changes with StatReloader
Internal Server Error: /stock_data/
C:\Users\mburson\Desktop\myproject\SCOM_analysis_backend\data_loader\views.py changed, reloading.
Watching for file changes with StatReloader
C:\Users\mburson\Desktop\myproject\SCOM_analysis_backend\data_loader\views.py changed, reloading.
Watching for file changes with StatReloader
Watching for file changes with StatReloader
Internal Server Error: /stock_data/
C:\Users\mburson\Desktop\myproject\SCOM_analysis_backend\data_loader\views.py changed, reloading.
Watching for file changes with StatReloader
Internal Server Error: /stock_data/
C:\Users\mburson\Desktop\myproject\SCOM_analysis_backend\data_loader\views.py changed, reloading.
Watching for file changes with StatReloader
C:\Users\mburson\Desktop\myproject\SCOM_analysis_backend\data_loader\views.py changed, reloading.
Watching for file changes with StatReloader
C:\Users\mburson\Desktop\myproject\SCOM_analysis_backend\data_loader\views.py changed, reloading.
Watching for file changes with StatReloader
Watching for file changes with StatReloader
Watching for file changes with StatReloader
Failed to get ticker 'PLTR' reason: HTTPSConnectionPool(host='fc.yahoo.com', port=443): Max retries exceeded with url: / (Caused by NewConnectionError('<urllib3.connection.HTTPSConnection object at 0x0000027513637620>: Failed to establish a new connection: [WinError 10013] An attempt was made to access a socket in a way forbidden by its access permissions'))

1 Failed download:
['PLTR']: YFTzMissingError('possibly delisted; no timezone found')
Internal Server Error: /train/

1 Failed download:
['MSFT']: ConnectionError(MaxRetryError("HTTPSConnectionPool(host='fc.yahoo.com', port=443): Max retries exceeded with url: / (Caused by NewConnectionError('<urllib3.connection.HTTPSConnection object at 0x00000275139F1BD0>: Failed to establish a new connection: [WinError 10013] An attempt was made to access a socket in a way forbidden by its access permissions'))"))
Internal Server Error: /train/

1 Failed download:
['MSFT']: ConnectionError(MaxRetryError("HTTPSConnectionPool(host='fc.yahoo.com', port=443): Max retries exceeded with url: / (Caused by NewConnectionError('<urllib3.connection.HTTPSConnection object at 0x00000275139F2350>: Failed to establish a new connection: [WinError 10013] An attempt was made to access a socket in a way forbidden by its access permissions'))"))
Internal Server Error: /train/

1 Failed download:
['MSFT']: ConnectionError(MaxRetryError("HTTPSConnectionPool(host='fc.yahoo.com', port=443): Max retries exceeded with url: / (Caused by NewConnectionError('<urllib3.connection.HTTPSConnection object at 0x00000275139F1810>: Failed to establish a new connection: [WinError 10013] An attempt was made to access a socket in a way forbidden by its access permissions'))"))
Internal Server Error: /train/

1 Failed download:
['TSLA']: ConnectionError(MaxRetryError("HTTPSConnectionPool(host='fc.yahoo.com', port=443): Max retries exceeded with url: / (Caused by NewConnectionError('<urllib3.connection.HTTPSConnection object at 0x00000275139F2210>: Failed to establish a new connection: [WinError 10013] An attempt was made to access a socket in a way forbidden by its access permissions'))"))
Internal Server Error: /train/
Watching for file changes with StatReloader
$GOOGL: possibly delisted; no price data found  (1d 2024-03-20 -> 2025-03-20)
Not Found: /stock_data/
$GOOGL: possibly delisted; no price data found  (1d 2024-03-20 -> 2025-03-20)
Not Found: /stock_data/
Failed to get ticker 'UNDEFINED' reason: HTTPSConnectionPool(host='fc.yahoo.com', port=443): Max retries exceeded with url: / (Caused by NewConnectionError('<urllib3.connection.HTTPSConnection object at 0x000001687B6FB610>: Failed to establish a new connection: [WinError 10013] An attempt was made to access a socket in a way forbidden by its access permissions'))

1 Failed download:
['UNDEFINED']: ConnectionError(MaxRetryError("HTTPSConnectionPool(host='fc.yahoo.com', port=443): Max retries exceeded with url: / (Caused by NewConnectionError('<urllib3.connection.HTTPSConnection object at 0x000001687B6FB890>: Failed to establish a new connection: [WinError 10013] An attempt was made to access a socket in a way forbidden by its access permissions'))"))
Bad Request: /predict/
Failed to get ticker 'UNDEFINED' reason: HTTPSConnectionPool(host='fc.yahoo.com', port=443): Max retries exceeded with url: / (Caused by NewConnectionError('<urllib3.connection.HTTPSConnection object at 0x000001687B243B10>: Failed to establish a new connection: [WinError 10013] An attempt was made to access a socket in a way forbidden by its access permissions'))

1 Failed download:
['UNDEFINED']: ConnectionError(MaxRetryError("HTTPSConnectionPool(host='fc.yahoo.com', port=443): Max retries exceeded with url: / (Caused by NewConnectionError('<urllib3.connection.HTTPSConnection object at 0x000001687B243D90>: Failed to establish a new connection: [WinError 10013] An attempt was made to access a socket in a way forbidden by its access permissions'))"))
Bad Request: /predict/
$GOOGL: possibly delisted; no price data found  (1d 2024-03-20 -> 2025-03-20)
Not Found: /stock_data/
$GOOGL: possibly delisted; no price data found  (1d 2024-03-20 -> 2025-03-20)
Not Found: /stock_data/
Failed to get ticker 'UNDEFINED' reason: HTTPSConnectionPool(host='fc.yahoo.com', port=443): Max retries exceeded with url: / (Caused by NewConnectionError('<urllib3.connection.HTTPSConnection object at 0x000001687B243750>: Failed to establish a new connection: [WinError 10013] An attempt was made to access a socket in a way forbidden by its access permissions'))

1 Failed download:
['UNDEFINED']: ConnectionError(MaxRetryError("HTTPSConnectionPool(host='fc.yahoo.com', port=443): Max retries exceeded with url: / (Caused by NewConnectionError('<urllib3.connection.HTTPSConnection object at 0x000001687B6FB750>: Failed to establish a new connection: [WinError 10013] An attempt was made to access a socket in a way forbidden by its access permissions'))"))
Bad Request: /predict/
$GOOGL: possibly delisted; no price data found  (1d 2024-03-20 -> 2025-03-20)
Not Found: /stock_data/
$GOOGL: possibly delisted; no price data found  (1d 2024-03-20 -> 2025-03-20)
Not Found: /stock_data/
$GOOGL: possibly delisted; no price data found  (1d 2024-03-20 -> 2025-03-20)
Not Found: /stock_data/
$GOOGL: possibly delisted; no price data found  (1d 2024-03-20 -> 2025-03-20)
Not Found: /stock_data/
$GOOGL: possibly delisted; no price data found  (1d 2024-03-20 -> 2025-03-20)
Not Found: /stock_data/
$GOOGL: possibly delisted; no price data found  (1d 2024-03-20 -> 2025-03-20)
Not Found: /stock_data/

1 Failed download:
['AAPL']: ConnectionError(MaxRetryError("HTTPSConnectionPool(host='fc.yahoo.com', port=443): Max retries exceeded with url: / (Caused by NewConnectionError('<urllib3.connection.HTTPSConnection object at 0x000001687B6FBD90>: Failed to establish a new connection: [WinError 10013] An attempt was made to access a socket in a way forbidden by its access permissions'))"))
Bad Request: /predict/
Failed to get ticker 'WMT' reason: HTTPSConnectionPool(host='fc.yahoo.com', port=443): Max retries exceeded with url: / (Caused by NewConnectionError('<urllib3.connection.HTTPSConnection object at 0x000001687B243C50>: Failed to establish a new connection: [WinError 10013] An attempt was made to access a socket in a way forbidden by its access permissions'))

1 Failed download:
['WMT']: YFTzMissingError('possibly delisted; no timezone found')
Internal Server Error: /train/
$GOOGL: possibly delisted; no price data found  (1d 2024-03-20 -> 2025-03-20)
Not Found: /stock_data/
$GOOGL: possibly delisted; no price data found  (1d 2024-03-20 -> 2025-03-20)
Not Found: /stock_data/
$GOOGL: possibly delisted; no price data found  (1d 2024-03-20 -> 2025-03-20)
Not Found: /stock_data/
$GOOGL: possibly delisted; no price data found  (1d 2024-03-20 -> 2025-03-20)
Not Found: /stock_data/

1 Failed download:
['GOOGL']: ConnectionError(MaxRetryError("HTTPSConnectionPool(host='fc.yahoo.com', port=443): Max retries exceeded with url: / (Caused by NewConnectionError('<urllib3.connection.HTTPSConnection object at 0x000001687B2439D0>: Failed to establish a new connection: [WinError 10013] An attempt was made to access a socket in a way forbidden by its access permissions'))"))
Bad Request: /predict/
Watching for file changes with StatReloader

1 Failed download:
['NVDA']: ConnectionError(MaxRetryError("HTTPSConnectionPool(host='query1.finance.yahoo.com', port=443): Max retries exceeded with url: /v1/test/getcrumb (Caused by NewConnectionError('<urllib3.connection.HTTPSConnection object at 0x0000022459447B60>: Failed to establish a new connection: [WinError 10013] An attempt was made to access a socket in a way forbidden by its access permissions'))"))
Internal Server Error: /train/
C:\Users\mburson\Desktop\myproject\SCOM_analysis_backend\random_forest\views.py changed, reloading.
Watching for file changes with StatReloader
C:\Users\mburson\Desktop\myproject\SCOM_analysis_backend\random_forest\views.py changed, reloading.
Watching for file changes with StatReloader
C:\Users\mburson\Desktop\myproject\SCOM_analysis_backend\random_forest\views.py changed, reloading.
Watching for file changes with StatReloader
C:\Users\mburson\Desktop\myproject\SCOM_analysis_backend\random_forest\views.py changed, reloading.
Watching for file changes with StatReloader
C:\Users\mburson\Desktop\myproject\SCOM_analysis_backend\random_forest\views.py changed, reloading.
Watching for file changes with StatReloader
C:\Users\mburson\Desktop\myproject\SCOM_analysis_backend\random_forest\views.py changed, reloading.
Watching for file changes with StatReloader
C:\Users\mburson\Desktop\myproject\SCOM_analysis_backend\random_forest\views.py changed, reloading.
Watching for file changes with StatReloader
C:\Users\mburson\Desktop\myproject\SCOM_analysis_backend\random_forest\views.py changed, reloading.
Watching for file changes with StatReloader
C:\Users\mburson\Desktop\myproject\SCOM_analysis_backend\random_forest\views.py changed, reloading.
Watching for file changes with StatReloader
C:\Users\mburson\Desktop\myproject\SCOM_analysis_backend\random_forest\train_model.py changed, reloading.
Watching for file changes with StatReloader
C:\Users\mburson\Desktop\myproject\SCOM_analysis_backend\random_forest\train_model.py changed, reloading.
Watching for file changes with StatReloader
C:\Users\mburson\Desktop\myproject\SCOM_analysis_backend\random_forest\train_model.py changed, reloading.
Watching for file changes with StatReloader
C:\Users\mburson\Desktop\myproject\SCOM_analysis_backend\random_forest\train_model.py changed, reloading.
Watching for file changes with StatReloader
C:\Users\mburson\Desktop\myproject\SCOM_analysis_backend\random_forest\train_model.py changed, reloading.
Watching for file changes with StatReloader
C:\Users\mburson\Desktop\myproject\SCOM_analysis_backend\random_forest\train_model.py changed, reloading.
Watching for file changes with StatReloader
C:\Users\mburson\Desktop\myproject\SCOM_analysis_backend\random_forest\views.py changed, reloading.
Watching for file changes with StatReloader
C:\Users\mburson\Desktop\myproject\SCOM_analysis_backend\random_forest\train_model.py changed, reloading.
Watching for file changes with StatReloader
C:\Users\mburson\Desktop\myproject\SCOM_analysis_backend\random_forest\train_model.py changed, reloading.
Watching for file changes with StatReloader
C:\Users\mburson\Desktop\myproject\SCOM_analysis_backend\random_forest\views.py changed, reloading.
Watching for file changes with StatReloader
C:\Users\mburson\Desktop\myproject\SCOM_analysis_backend\SCOM_analysis_backend\urls.py changed, reloading.
Watching for file changes with StatReloader
C:\Users\mburson\Desktop\myproject\SCOM_analysis_backend\SCOM_analysis_backend\urls.py changed, reloading.
Watching for file changes with StatReloader
C:\Users\mburson\Desktop\myproject\SCOM_analysis_backend\SCOM_analysis_backend\urls.py changed, reloading.
Watching for file changes with StatReloader
C:\Users\mburson\Desktop\myproject\SCOM_analysis_backend\SCOM_analysis_backend\urls.py changed, reloading.
Watching for file changes with StatReloader
C:\Users\mburson\Desktop\myproject\SCOM_analysis_backend\SCOM_analysis_backend\urls.py changed, reloading.
Watching for file changes with StatReloader
C:\Users\mburson\Desktop\myproject\SCOM_analysis_backend\SCOM_analysis_backend\urls.py changed, reloading.
Watching for file changes with StatReloader
C:\Users\mburson\Desktop\myproject\SCOM_analysis_backend\SCOM_analysis_backend\urls.py changed, reloading.
Watching for file changes with StatReloader
C:\Users\mburson\Desktop\myproject\SCOM_analysis_backend\SCOM_analysis_backend\urls.py changed, reloading.
Watching for file changes with StatReloader
C:\Users\mburson\Desktop\myproject\SCOM_analysis_backend\SCOM_analysis_backend\urls.py changed, reloading.
Watching for file changes with StatReloader
Watching for file changes with StatReloader
Watching for file changes with StatReloader
C:\Users\mburson\Desktop\myproject\SCOM_analysis_backend\random_forest\views.py changed, reloading.
Watching for file changes with StatReloader
C:\Users\mburson\Desktop\myproject\SCOM_analysis_backend\random_forest\views.py changed, reloading.
Watching for file changes with StatReloader
C:\Users\mburson\Desktop\myproject\SCOM_analysis_backend\random_forest\views.py changed, reloading.
Watching for file changes with StatReloader
C:\Users\mburson\Desktop\myproject\SCOM_analysis_backend\random_forest\views.py changed, reloading.
Watching for file changes with StatReloader
Watching for file changes with StatReloader
Forbidden (Origin checking failed - http://localhost:5173 does not match any trusted origins.): /train_batch/
C:\Users\mburson\Desktop\myproject\SCOM_analysis_backend\random_forest\train_model.py changed, reloading.
Watching for file changes with StatReloader
C:\Users\mburson\Desktop\myproject\SCOM_analysis_backend\random_forest\train_model.py changed, reloading.
Watching for file changes with StatReloader
Watching for file changes with StatReloader
Internal Server Error: /train/
C:\Users\mburson\Desktop\myproject\SCOM_analysis_backend\random_forest\views.py changed, reloading.
Watching for file changes with StatReloader
C:\Users\mburson\Desktop\myproject\SCOM_analysis_backend\random_forest\train_model.py changed, reloading.
Watching for file changes with StatReloader
C:\Users\mburson\Desktop\myproject\SCOM_analysis_backend\random_forest\train_model.py changed, reloading.
Watching for file changes with StatReloader
C:\Users\mburson\Desktop\myproject\SCOM_analysis_backend\random_forest\train_model.py changed, reloading.
Watching for file changes with StatReloader
C:\Users\mburson\Desktop\myproject\SCOM_analysis_backend\predict\views.py changed, reloading.
Watching for file changes with StatReloader
C:\Users\mburson\Desktop\myproject\SCOM_analysis_backend\predict\views.py changed, reloading.
Watching for file changes with StatReloader
C:\Users\mburson\Desktop\myproject\SCOM_analysis_backend\predict\views.py changed, reloading.
Watching for file changes with StatReloader
C:\Users\mburson\Desktop\myproject\SCOM_analysis_backend\predict\views.py changed, reloading.
Watching for file changes with StatReloader
C:\Users\mburson\Desktop\myproject\SCOM_analysis_backend\predict\views.py changed, reloading.
Watching for file changes with StatReloader
Internal Server Error: /predict/
C:\Users\mburson\Desktop\myproject\SCOM_analysis_backend\predict\views.py changed, reloading.
Watching for file changes with StatReloader
Internal Server Error: /predict/
Internal Server Error: /predict/
C:\Users\mburson\Desktop\myproject\SCOM_analysis_backend\random_forest\train_model.py changed, reloading.
Watching for file changes with StatReloader
C:\Users\mburson\Desktop\myproject\SCOM_analysis_backend\predict\views.py changed, reloading.
Watching for file changes with StatReloader
C:\Users\mburson\Desktop\myproject\SCOM_analysis_backend\predict\views.py changed, reloading.
Watching for file changes with StatReloader
C:\Users\mburson\Desktop\myproject\SCOM_analysis_backend\random_forest\views.py changed, reloading.
Watching for file changes with StatReloader
C:\Users\mburson\Desktop\myproject\SCOM_analysis_backend\random_forest\views.py changed, reloading.
Watching for file changes with StatReloader
C:\Users\mburson\Desktop\myproject\SCOM_analysis_backend\random_forest\views.py changed, reloading.
Watching for file changes with StatReloader
C:\Users\mburson\Desktop\myproject\SCOM_analysis_backend\random_forest\views.py changed, reloading.
Watching for file changes with StatReloader
C:\Users\mburson\Desktop\myproject\SCOM_analysis_backend\random_forest\views.py changed, reloading.
Watching for file changes with StatReloader
C:\Users\mburson\Desktop\myproject\SCOM_analysis_backend\random_forest\train_model.py changed, reloading.
Watching for file changes with StatReloader
C:\Users\mburson\Desktop\myproject\SCOM_analysis_backend\data_loader\views.py changed, reloading.
Watching for file changes with StatReloader
C:\Users\mburson\Desktop\myproject\SCOM_analysis_backend\data_loader\views.py changed, reloading.
Watching for file changes with StatReloader
C:\Users\mburson\Desktop\myproject\SCOM_analysis_backend\data_loader\views.py changed, reloading.
Watching for file changes with StatReloader
C:\Users\mburson\Desktop\myproject\SCOM_analysis_backend\data_loader\views.py changed, reloading.
Watching for file changes with StatReloader
C:\Users\mburson\Desktop\myproject\SCOM_analysis_backend\data_loader\views.py changed, reloading.
Watching for file changes with StatReloader
C:\Users\mburson\Desktop\myproject\SCOM_analysis_backend\data_loader\views.py changed, reloading.
Watching for file changes with StatReloader
Internal Server Error: /predict/
C:\Users\mburson\Desktop\myproject\SCOM_analysis_backend\data_loader\views.py changed, reloading.
Watching for file changes with StatReloader
Internal Server Error: /predict/
Watching for file changes with StatReloader
Not Found: /predict_price/
Not Found: /predict_price/
Not Found: /predict_price/
Not Found: /predict_price/
$HS: possibly delisted; no price data found  (1d 2024-03-20 -> 2025-03-20)
Not Found: /stock_data/
$SCOM: possibly delisted; no price data found  (1d 2024-03-20 -> 2025-03-20)
Not Found: /stock_data/
$KCB: possibly delisted; no price data found  (1d 2024-03-20 -> 2025-03-20)
Not Found: /stock_data/

1 Failed download:
['EABL']: YFTzMissingError('possibly delisted; no timezone found')
Internal Server Error: /train/

1 Failed download:
['NVDA']: ConnectionError(MaxRetryError('HTTPSConnectionPool(host=\'query2.finance.yahoo.com\', port=443): Max retries exceeded with url: /v8/finance/chart/NVDA?range=1y&interval=1d&includePrePost=False&events=div%2Csplits%2CcapitalGains&crumb=qyUqjhlUP1F (Caused by NameResolutionError("<urllib3.connection.HTTPSConnection object at 0x0000014BF02E5310>: Failed to resolve \'query2.finance.yahoo.com\' ([Errno 11001] getaddrinfo failed)"))'))
Bad Request: /predict/

1 Failed download:
['NVDA']: ReadTimeout(ReadTimeoutError("HTTPSConnectionPool(host='query2.finance.yahoo.com', port=443): Read timed out. (read timeout=10)"))
Bad Request: /predict/

1 Failed download:
['NVDA']: ReadTimeout(ReadTimeoutError("HTTPSConnectionPool(host='query2.finance.yahoo.com', port=443): Read timed out. (read timeout=10)"))
Bad Request: /predict/

1 Failed download:

1 Failed download:
['NVDA']: ReadTimeout(ReadTimeoutError("HTTPSConnectionPool(host='query2.finance.yahoo.com', port=443): Read timed out. (read timeout=10)"))
['NVDA']: ReadTimeout(ReadTimeoutError("HTTPSConnectionPool(host='query2.finance.yahoo.com', port=443): Read timed out. (read timeout=10)"))
Bad Request: /predict/
Bad Request: /predict/

1 Failed download:
['MSFT']: ReadTimeout(ReadTimeoutError("HTTPSConnectionPool(host='query2.finance.yahoo.com', port=443): Read timed out. (read timeout=10)"))
Bad Request: /predict/
Failed to get ticker 'NFLX' reason: HTTPSConnectionPool(host='query2.finance.yahoo.com', port=443): Max retries exceeded with url: /v8/finance/chart/NFLX?range=1d&interval=1d&crumb=qyUqjhlUP1F (Caused by NewConnectionError('<urllib3.connection.HTTPSConnection object at 0x0000014BF02E5310>: Failed to establish a new connection: [WinError 10013] An attempt was made to access a socket in a way forbidden by its access permissions'))
$NFLX: possibly delisted; no timezone found
Not Found: /stock_data/

1 Failed download:
['MSFT']: ConnectionError(MaxRetryError("HTTPSConnectionPool(host='query2.finance.yahoo.com', port=443): Max retries exceeded with url: /v8/finance/chart/MSFT?range=1y&interval=1d&includePrePost=False&events=div%2Csplits%2CcapitalGains&crumb=qyUqjhlUP1F (Caused by NewConnectionError('<urllib3.connection.HTTPSConnection object at 0x0000014BF020EAD0>: Failed to establish a new connection: [WinError 10013] An attempt was made to access a socket in a way forbidden by its access permissions'))"))
Bad Request: /predict/

1 Failed download:
['MSFT']: ConnectionError(MaxRetryError("HTTPSConnectionPool(host='query2.finance.yahoo.com', port=443): Max retries exceeded with url: /v8/finance/chart/MSFT?range=1y&interval=1d&includePrePost=False&events=div%2Csplits%2CcapitalGains&crumb=qyUqjhlUP1F (Caused by NewConnectionError('<urllib3.connection.HTTPSConnection object at 0x0000014BF020E210>: Failed to establish a new connection: [WinError 10013] An attempt was made to access a socket in a way forbidden by its access permissions'))"))
Bad Request: /predict/
Internal Server Error: /predict/

1 Failed download:
['NVDA']: ConnectionError(MaxRetryError("HTTPSConnectionPool(host='query2.finance.yahoo.com', port=443): Max retries exceeded with url: /v8/finance/chart/NVDA?range=1y&interval=1d&includePrePost=False&events=div%2Csplits%2CcapitalGains&crumb=qyUqjhlUP1F (Caused by NewConnectionError('<urllib3.connection.HTTPSConnection object at 0x0000014BF02E5310>: Failed to establish a new connection: [WinError 10013] An attempt was made to access a socket in a way forbidden by its access permissions'))"))
Bad Request: /predict/
Internal Server Error: /predict/
$KPLC: possibly delisted; no timezone found
Not Found: /stock_data/

1 Failed download:
['KPLC']: possibly delisted; no timezone found
Bad Request: /predict/
Not Found: /
Not Found: /favicon.ico
C:\Users\mburson\Desktop\myproject\SCOM_analysis_backend\SCOM_analysis_backend\settings.py changed, reloading.
Watching for file changes with StatReloader
Watching for file changes with StatReloader
Not Found: /
Not Found: /favicon.ico
C:\Users\mburson\Desktop\myproject\SCOM_analysis_backend\SCOM_analysis_backend\settings.py changed, reloading.
Watching for file changes with StatReloader
C:\Users\mburson\Desktop\myproject\SCOM_analysis_backend\SCOM_analysis_backend\settings.py changed, reloading.
Watching for file changes with StatReloader
C:\Users\mburson\Desktop\myproject\SCOM_analysis_backend\SCOM_analysis_backend\settings.py changed, reloading.
Watching for file changes with StatReloader
C:\Users\mburson\Desktop\myproject\SCOM_analysis_backend\SCOM_analysis_backend\settings.py changed, reloading.
Watching for file changes with StatReloader
Watching for file changes with StatReloader
Watching for file changes with StatReloader
Watching for file changes with StatReloader
C:\Users\mburson\Desktop\myproject\SCOM_analysis_backend\data_loader\views.py changed, reloading.
Watching for file changes with StatReloader
C:\Users\mburson\Desktop\myproject\SCOM_analysis_backend\SCOM_analysis_backend\settings.py changed, reloading.
Watching for file changes with StatReloader
C:\Users\mburson\Desktop\myproject\SCOM_analysis_backend\SCOM_analysis_backend\settings.py changed, reloading.
Watching for file changes with StatReloader
Watching for file changes with StatReloader
$KEGN: possibly delisted; no timezone found
Not Found: /stock_data/
$SCOM: possibly delisted; no price data found  (1d 2024-03-20 -> 2025-03-20)
Not Found: /stock_data/
$SCOM: possibly delisted; no price data found  (1d 2024-03-20 -> 2025-03-20)
Not Found: /stock_data/
Watching for file changes with StatReloader
Watching for file changes with StatReloader
$KCB: possibly delisted; no price data found  (1d 2024-03-20 -> 2025-03-20)
Not Found: /stock_data/
$SCOM: possibly delisted; no price data found  (1d 2024-03-20 -> 2025-03-20)
Not Found: /stock_data/
$KEGN: possibly delisted; no timezone found
Not Found: /stock_data/

1 Failed download:
['KEGN']: YFPricesMissingError('possibly delisted; no price data found  (period=1y) (Yahoo error = "No data found, symbol may be delisted")')
Bad Request: /predict/
Internal Server Error: /predict/
$SCOM: possibly delisted; no price data found  (1d 2024-03-20 -> 2025-03-20)
Not Found: /stock_data/
$SCOM: possibly delisted; no price data found  (1d 2024-03-20 -> 2025-03-20)
Not Found: /stock_data/
C:\Users\mburson\Desktop\myproject\SCOM_analysis_backend\random_forest\train_model.py changed, reloading.
Watching for file changes with StatReloader
C:\Users\mburson\Desktop\myproject\SCOM_analysis_backend\random_forest\train_model.py changed, reloading.
Watching for file changes with StatReloader
C:\Users\mburson\Desktop\myproject\SCOM_analysis_backend\random_forest\train_model.py changed, reloading.
Watching for file changes with StatReloader
C:\Users\mburson\Desktop\myproject\SCOM_analysis_backend\random_forest\train_model.py changed, reloading.
Watching for file changes with StatReloader
Internal Server Error: /train_batch/
C:\Users\mburson\Desktop\myproject\SCOM_analysis_backend\random_forest\train_model.py changed, reloading.
Watching for file changes with StatReloader
Internal Server Error: /train_batch/
C:\Users\mburson\Desktop\myproject\SCOM_analysis_backend\random_forest\train_model.py changed, reloading.
Watching for file changes with StatReloader
Watching for file changes with StatReloader
$SCOM: possibly delisted; no price data found  (1d 2024-03-20 -> 2025-03-20)
Not Found: /stock_data/
$EABL: possibly delisted; no timezone found
Not Found: /stock_data/
$BAT: possibly delisted; no price data found  (1d 2024-03-20 -> 2025-03-20)
Not Found: /stock_data/

1 Failed download:
['BAT']: YFPricesMissingError('possibly delisted; no price data found  (period=1y)')
Bad Request: /predict/
$AMZN: possibly delisted; no price data found  (1d 2024-03-20 -> 2025-03-20)
Not Found: /stock_data/
Watching for file changes with StatReloader
$EABL: possibly delisted; no timezone found
Not Found: /stock_data/
C:\Users\mburson\Desktop\myproject\SCOM_analysis_backend\data_loader\views.py changed, reloading.
Watching for file changes with StatReloader
Internal Server Error: /stock_data/
Internal Server Error: /stock_data/
Internal Server Error: /stock_data/
Internal Server Error: /stock_data/
Internal Server Error: /stock_data/
Internal Server Error: /stock_data/
C:\Users\mburson\Desktop\myproject\SCOM_analysis_backend\data_loader\views.py changed, reloading.
Watching for file changes with StatReloader
C:\Users\mburson\Desktop\myproject\SCOM_analysis_backend\data_loader\views.py changed, reloading.
Watching for file changes with StatReloader
C:\Users\mburson\Desktop\myproject\SCOM_analysis_backend\data_loader\views.py changed, reloading.
Watching for file changes with StatReloader
Watching for file changes with StatReloader
Internal Server Error: /api/predict/
Internal Server Error: /api/predict/
C:\projects\Stock-Price-Prediction-System\SCOM_analysis_backend\predict\views.py changed, reloading.
Watching for file changes with StatReloader
